------------------------------------------------------------
TimeQuest Timing Analyzer Summary
------------------------------------------------------------

Type  : Setup 'emu|pll|pll_inst|altera_pll_i|cyclonev_pll|counter[2].output_counter|divclk'
Slack : -0.898
TNS   : -0.898

Type  : Setup 'emu|pll|pll_inst|altera_pll_i|cyclonev_pll|counter[0].output_counter|divclk'
Slack : 0.030
TNS   : 0.000

Type  : Setup 'pll_hdmi|pll_hdmi_inst|altera_pll_i|cyclonev_pll|counter[0].output_counter|divclk'
Slack : 0.533
TNS   : 0.000

Type  : Setup 'sysmem|fpga_interfaces|clocks_resets|h2f_user0_clk'
Slack : 4.190
TNS   : 0.000

Type  : Setup 'spi_sck'
Slack : 4.420
TNS   : 0.000

Type  : Setup 'FPGA_CLK2_50'
Slack : 4.973
TNS   : 0.000

Type  : Setup 'emu|pll|pll_inst|altera_pll_i|cyclonev_pll|counter[1].output_counter|divclk'
Slack : 7.422
TNS   : 0.000

Type  : Setup 'altera_reserved_tck'
Slack : 7.539
TNS   : 0.000

Type  : Setup 'FPGA_CLK1_50'
Slack : 8.731
TNS   : 0.000

Type  : Setup 'pll_audio|pll_audio_inst|altera_pll_i|general[0].gpll~PLL_OUTPUT_COUNTER|divclk'
Slack : 15.247
TNS   : 0.000

Type  : Hold 'pll_hdmi|pll_hdmi_inst|altera_pll_i|cyclonev_pll|counter[0].output_counter|divclk'
Slack : 0.198
TNS   : 0.000

Type  : Hold 'emu|pll|pll_inst|altera_pll_i|cyclonev_pll|counter[1].output_counter|divclk'
Slack : 0.250
TNS   : 0.000

Type  : Hold 'emu|pll|pll_inst|altera_pll_i|cyclonev_pll|counter[2].output_counter|divclk'
Slack : 0.253
TNS   : 0.000

Type  : Hold 'pll_audio|pll_audio_inst|altera_pll_i|general[0].gpll~PLL_OUTPUT_COUNTER|divclk'
Slack : 0.254
TNS   : 0.000

Type  : Hold 'FPGA_CLK1_50'
Slack : 0.280
TNS   : 0.000

Type  : Hold 'sysmem|fpga_interfaces|clocks_resets|h2f_user0_clk'
Slack : 0.365
TNS   : 0.000

Type  : Hold 'FPGA_CLK2_50'
Slack : 0.396
TNS   : 0.000

Type  : Hold 'emu|pll|pll_inst|altera_pll_i|cyclonev_pll|counter[0].output_counter|divclk'
Slack : 0.431
TNS   : 0.000

Type  : Hold 'spi_sck'
Slack : 0.461
TNS   : 0.000

Type  : Hold 'altera_reserved_tck'
Slack : 0.471
TNS   : 0.000

Type  : Recovery 'pll_hdmi|pll_hdmi_inst|altera_pll_i|cyclonev_pll|counter[0].output_counter|divclk'
Slack : 3.413
TNS   : 0.000

Type  : Recovery 'sysmem|fpga_interfaces|clocks_resets|h2f_user0_clk'
Slack : 6.981
TNS   : 0.000

Type  : Recovery 'emu|pll|pll_inst|altera_pll_i|cyclonev_pll|counter[2].output_counter|divclk'
Slack : 13.298
TNS   : 0.000

Type  : Recovery 'FPGA_CLK1_50'
Slack : 16.503
TNS   : 0.000

Type  : Recovery 'FPGA_CLK2_50'
Slack : 18.127
TNS   : 0.000

Type  : Recovery 'emu|pll|pll_inst|altera_pll_i|cyclonev_pll|counter[1].output_counter|divclk'
Slack : 20.471
TNS   : 0.000

Type  : Recovery 'altera_reserved_tck'
Slack : 29.692
TNS   : 0.000

Type  : Removal 'emu|pll|pll_inst|altera_pll_i|cyclonev_pll|counter[2].output_counter|divclk'
Slack : 0.731
TNS   : 0.000

Type  : Removal 'altera_reserved_tck'
Slack : 0.849
TNS   : 0.000

Type  : Removal 'FPGA_CLK2_50'
Slack : 0.918
TNS   : 0.000

Type  : Removal 'pll_hdmi|pll_hdmi_inst|altera_pll_i|cyclonev_pll|counter[0].output_counter|divclk'
Slack : 1.439
TNS   : 0.000

Type  : Removal 'FPGA_CLK1_50'
Slack : 1.505
TNS   : 0.000

Type  : Removal 'sysmem|fpga_interfaces|clocks_resets|h2f_user0_clk'
Slack : 1.804
TNS   : 0.000

Type  : Removal 'emu|pll|pll_inst|altera_pll_i|cyclonev_pll|counter[1].output_counter|divclk'
Slack : 1.883
TNS   : 0.000

Type  : Minimum Pulse Width 'pll_hdmi|pll_hdmi_inst|altera_pll_i|cyclonev_pll|fpll_0|fpll|vcoph[0]'
Slack : 1.122
TNS   : 0.000

Type  : Minimum Pulse Width 'emu|pll|pll_inst|altera_pll_i|cyclonev_pll|fpll_0|fpll|vcoph[0]'
Slack : 1.164
TNS   : 0.000

Type  : Minimum Pulse Width 'pll_audio|pll_audio_inst|altera_pll_i|general[0].gpll~FRACTIONAL_PLL|vcoph[0]'
Slack : 1.196
TNS   : 0.000

Type  : Minimum Pulse Width 'pll_hdmi|pll_hdmi_inst|altera_pll_i|cyclonev_pll|counter[0].output_counter|divclk'
Slack : 1.929
TNS   : 0.000

Type  : Minimum Pulse Width 'sysmem|fpga_interfaces|clocks_resets|h2f_user0_clk'
Slack : 3.589
TNS   : 0.000

Type  : Minimum Pulse Width 'spi_sck'
Slack : 4.209
TNS   : 0.000

Type  : Minimum Pulse Width 'emu|pll|pll_inst|altera_pll_i|cyclonev_pll|counter[0].output_counter|divclk'
Slack : 4.839
TNS   : 0.000

Type  : Minimum Pulse Width 'FPGA_CLK1_50'
Slack : 9.208
TNS   : 0.000

Type  : Minimum Pulse Width 'FPGA_CLK2_50'
Slack : 9.209
TNS   : 0.000

Type  : Minimum Pulse Width 'FPGA_CLK3_50'
Slack : 9.730
TNS   : 0.000

Type  : Minimum Pulse Width 'emu|pll|pll_inst|altera_pll_i|cyclonev_pll|counter[1].output_counter|divclk'
Slack : 10.208
TNS   : 0.000

Type  : Minimum Pulse Width 'altera_reserved_tck'
Slack : 14.911
TNS   : 0.000

Type  : Minimum Pulse Width 'pll_audio|pll_audio_inst|altera_pll_i|general[0].gpll~PLL_OUTPUT_COUNTER|divclk'
Slack : 18.929
TNS   : 0.000

Type  : Minimum Pulse Width 'emu|pll|pll_inst|altera_pll_i|cyclonev_pll|counter[2].output_counter|divclk'
Slack : 21.839
TNS   : 0.000

Type  : Minimum Pulse Width 'CX4_MEM_CLK'
Slack : 21.867
TNS   : 0.000

Type  : Minimum Pulse Width 'GSU_CACHE_CLK'
Slack : 21.958
TNS   : 0.000

------------------------------------------------------------
